
[TestBase64DeAndEncode - 1]
LS0tLS1CRUdJTiBQUklWQVRFIEtFWS0tLS0tCk1JSGNBZ0VCQkVJQUIwWnpRVjdIbXUreHE5UVpad1RKd3ErcXZ6ZmVmOEtNZG1GeUlLSlJHdlZ6dmYxeUg4S0IKVEVGV1NNSUtOWmplendNc1hBOFZHUXl1ekdqMnJzMUdRcStnQndZRks0RUVBQ09oZ1lrRGdZWUFCQUVHMXRmRAptQ0E3b0VOYnNOMGhtcmw4V2prc1dGa1FJSkdXWFJnQytFWjliNUFGaDV5aGlGazFZTXJzeVZRVWVvL0VJakliCk9ObEtkNWxid0NxblJpTHRXQUZEVVZLSERQZUNwVkNHbHNCcVRVVnprNFF6YlNFeWN3amdHSzQ1S2k0ZGpPR0MKR3JRbmtMVXQra2hablVnWHdNOU51Z3pCSjRWUDdrV2lnVzhKZE5ldHZ3PT0KLS0tLS1FTkQgUFJJVkFURSBLRVktLS0tLQo=
---

[TestBase64DeAndEncode - 2]
LS0tLS1CRUdJTiBQVUJMSUMgS0VZLS0tLS0KTUlHYk1CQUdCeXFHU000OUFnRUdCU3VCQkFBakE0R0dBQVFCQnRiWHc1Z2dPNkJEVzdEZElacTVmRm81TEZoWgpFQ0NSbGwwWUF2aEdmVytRQlllY29ZaFpOV0RLN01sVUZIcVB4Q0l5R3pqWlNuZVpXOEFxcDBZaTdWZ0JRMUZTCmh3ejNncVZRaHBiQWFrMUZjNU9FTTIwaE1uTUk0Qml1T1NvdUhZemhnaHEwSjVDMUxmcElXWjFJRjhEUFRib00Kd1NlRlQrNUZvb0Z2Q1hUWHJiOD0KLS0tLS1FTkQgUFVCTElDIEtFWS0tLS0tCg==
---

[TestGetIdFromPublicKey - 1]
39c76670dddcc83f7e3be6d314e4ed09722acfccb5f3374531293b8fb8af5b2c
---

[TestSignAndVerifyCreatorJWT - 1]
39c76670dddcc83f7e3be6d314e4ed09722acfccb5f3374531293b8fb8af5b2c
---

[TestSignAndVerifyCreatorJWT - 2]
newIdentityId
---

[TestSignAndVerifyCreatorJWT - 3]
test_vault
---

[TestSignAndVerifyJWT - 1]
test_vault
---

[TestSignAndVerifyJWT - 2]
39c76670dddcc83f7e3be6d314e4ed09722acfccb5f3374531293b8fb8af5b2c
---
